[
{
    "fields": {
        "updated": "2015-12-13T01:10:09.683Z",
        "reference": "2012/2002(INI)",
        "title": "Agenda for change: the future of EU development policy",
        "text": "",
        "created": "2015-12-13T01:10:09.683Z",
        "link": "http://www.europarl.europa.eu/oeil/popups/ficheprocedure.do?reference=2012/2002(INI)",
        "fingerprint": "9e2cccdc5f6d22afd008af8b5b55dc193c27c5d6"
    },
    "model": "representatives_votes.dossier",
    "pk": 64
},
{
    "fields": {
        "updated": "2015-12-13T01:10:09.698Z",
        "reference": "2015/2132(BUD)",
        "title": "2016 general budget: all sections",
        "text": "",
        "created": "2015-12-13T01:10:09.698Z",
        "link": "http://www.europarl.europa.eu/oeil/popups/ficheprocedure.do?reference=2015/2132(BUD)",
        "fingerprint": "e6856e0880e701c1022f23d595cc37a9a1cdcca8"
    },
    "model": "representatives_votes.dossier",
    "pk": 65
}
]
